// Jest Snapshot v1, https://goo.gl/fbAQLP

exports[`Logout renders a snapshot properly 1`] = `
<logout
  logoutUser={[Function]}
/>
`;
