// Jest Snapshot v1, https://goo.gl/fbAQLP

exports[`UsersList renders a snapshot properly 1`] = `
<div>
  <h4
    className="box title is-4"
  >
    justin
  </h4>
  <h4
    className="box title is-4"
  >
    ipconfig
  </h4>
</div>
`;
